[INFO] Scanning for projects...
[INFO] ------------------------------------------------------------------------
[INFO] Reactor Build Order:
[INFO] 
[INFO] event-sourcing                                                     [pom]
[INFO] gateway-service                                                    [jar]
[INFO] 
[INFO] ---------------------< com.oussama:event-sourcing >---------------------
[INFO] Building event-sourcing 0.0.1-SNAPSHOT                             [1/2]
[INFO]   from pom.xml
[INFO] --------------------------------[ pom ]---------------------------------
[INFO] 
[INFO] --- spring-boot:3.3.6:repackage (repackage) @ event-sourcing ---
[INFO] 
[INFO] --- install:3.1.3:install (default-install) @ event-sourcing ---
[INFO] Installing C:\Users\Mreckah\Downloads\event-sourcing\pom.xml to C:\Users\Mreckah\.m2\repository\com\oussama\event-sourcing\0.0.1-SNAPSHOT\event-sourcing-0.0.1-SNAPSHOT.pom
[INFO] 
[INFO] --------------------< com.oussama:gateway-service >---------------------
[INFO] Building gateway-service 0.0.1-SNAPSHOT                            [2/2]
[INFO]   from gateway-service\pom.xml
[INFO] --------------------------------[ jar ]---------------------------------
[INFO] 
[INFO] --- resources:3.3.1:resources (default-resources) @ gateway-service ---
[INFO] Copying 1 resource from src\main\resources to target\classes
[INFO] Copying 0 resource from src\main\resources to target\classes
[INFO] 
[INFO] --- compiler:3.13.0:compile (default-compile) @ gateway-service ---
[INFO] Nothing to compile - all classes are up to date.
[INFO] 
[INFO] --- resources:3.3.1:testResources (default-testResources) @ gateway-service ---
[INFO] skip non existing resourceDirectory C:\Users\Mreckah\Downloads\event-sourcing\gateway-service\src\test\resources
[INFO] 
[INFO] --- compiler:3.13.0:testCompile (default-testCompile) @ gateway-service ---
[INFO] No sources to compile
[INFO] 
[INFO] --- surefire:3.2.5:test (default-test) @ gateway-service ---
[INFO] Tests are skipped.
[INFO] 
[INFO] --- jar:3.4.2:jar (default-jar) @ gateway-service ---
[INFO] Building jar: C:\Users\Mreckah\Downloads\event-sourcing\gateway-service\target\gateway-service-0.0.1-SNAPSHOT.jar
[INFO] 
[INFO] --- spring-boot:3.3.6:repackage (repackage) @ gateway-service ---
[INFO] ------------------------------------------------------------------------
[INFO] Reactor Summary for event-sourcing 0.0.1-SNAPSHOT:
[INFO] 
[INFO] event-sourcing ..................................... SUCCESS [  1.304 s]
[INFO] gateway-service .................................... FAILURE [  6.905 s]
[INFO] ------------------------------------------------------------------------
[INFO] BUILD FAILURE
[INFO] ------------------------------------------------------------------------
[INFO] Total time:  9.367 s
[INFO] Finished at: 2025-12-29T10:56:54+01:00
[INFO] ------------------------------------------------------------------------
[ERROR] Failed to execute goal org.springframework.boot:spring-boot-maven-plugin:3.3.6:repackage (repackage) on project gateway-service: Execution repackage of goal org.springframework.boot:spring-boot-maven-plugin:3.3.6:repackage failed: Unable to rename 'C:\Users\Mreckah\Downloads\event-sourcing\gateway-service\target\gateway-service-0.0.1-SNAPSHOT.jar' to 'C:\Users\Mreckah\Downloads\event-sourcing\gateway-service\target\gateway-service-0.0.1-SNAPSHOT.jar.original' -> [Help 1]
[ERROR] 
[ERROR] To see the full stack trace of the errors, re-run Maven with the -e switch.
[ERROR] Re-run Maven using the -X switch to enable full debug logging.
[ERROR] 
[ERROR] For more information about the errors and possible solutions, please read the following articles:
[ERROR] [Help 1] http://cwiki.apache.org/confluence/display/MAVEN/PluginExecutionException
[ERROR] 
[ERROR] After correcting the problems, you can resume the build with the command
[ERROR]   mvn <args> -rf :gateway-service
