
  .   ____          _            __ _ _
 /\\ / ___'_ __ _ _(_)_ __  __ _ \ \ \ \
( ( )\___ | '_ | '_| | '_ \/ _` | \ \ \ \
 \\/  ___)| |_)| | | | | || (_| |  ) ) ) )
  '  |____| .__|_| |_|_| |_\__, | / / / /
 =========|_|==============|___/=/_/_/_/

 :: Spring Boot ::                (v3.3.6)

2025-12-29T10:11:57.563+01:00  INFO 13484 --- [           main] c.o.d.DiscoveryServiceApplication        : Starting DiscoveryServiceApplication v0.0.1-SNAPSHOT using Java 21.0.4 with PID 13484 (C:\Users\Mreckah\Downloads\event-sourcing\discovery-service\target\discovery-service-0.0.1-SNAPSHOT.jar started by Mreckah in C:\Users\Mreckah\Downloads\event-sourcing)
2025-12-29T10:11:57.580+01:00  INFO 13484 --- [           main] c.o.d.DiscoveryServiceApplication        : No active profile set, falling back to 1 default profile: "default"
2025-12-29T10:12:04.279+01:00  INFO 13484 --- [           main] o.s.cloud.context.scope.GenericScope     : BeanFactory id=bc4569a6-a5d7-3231-a785-5d486ea2943d
2025-12-29T10:12:04.628+01:00  WARN 13484 --- [           main] trationDelegate$BeanPostProcessorChecker : Bean 'org.springframework.cloud.client.loadbalancer.LoadBalancerAutoConfiguration$DeferringLoadBalancerInterceptorConfig' of type [org.springframework.cloud.client.loadbalancer.LoadBalancerAutoConfiguration$DeferringLoadBalancerInterceptorConfig] is not eligible for getting processed by all BeanPostProcessors (for example: not eligible for auto-proxying). The currently created BeanPostProcessor [lbRestClientPostProcessor] is declared through a non-static factory method on that class; consider declaring it as static instead.
2025-12-29T10:12:04.639+01:00  WARN 13484 --- [           main] trationDelegate$BeanPostProcessorChecker : Bean 'deferringLoadBalancerInterceptor' of type [org.springframework.cloud.client.loadbalancer.DeferringLoadBalancerInterceptor] is not eligible for getting processed by all BeanPostProcessors (for example: not eligible for auto-proxying). Is this bean getting eagerly injected/applied to a currently created BeanPostProcessor [lbRestClientPostProcessor]? Check the corresponding BeanPostProcessor declaration and its dependencies/advisors. If this bean does not have to be post-processed, declare it with ROLE_INFRASTRUCTURE.
2025-12-29T10:12:06.273+01:00  INFO 13484 --- [           main] o.s.b.w.embedded.tomcat.TomcatWebServer  : Tomcat initialized with port 8761 (http)
2025-12-29T10:12:06.378+01:00  INFO 13484 --- [           main] o.apache.catalina.core.StandardService   : Starting service [Tomcat]
2025-12-29T10:12:06.380+01:00  INFO 13484 --- [           main] o.apache.catalina.core.StandardEngine    : Starting Servlet engine: [Apache Tomcat/10.1.33]
2025-12-29T10:12:06.617+01:00  INFO 13484 --- [           main] o.a.c.c.C.[Tomcat].[localhost].[/]       : Initializing Spring embedded WebApplicationContext
2025-12-29T10:12:06.623+01:00  INFO 13484 --- [           main] w.s.c.ServletWebServerApplicationContext : Root WebApplicationContext: initialization completed in 8730 ms
2025-12-29T10:12:12.631+01:00  INFO 13484 --- [           main] c.n.d.provider.DiscoveryJerseyProvider   : Using JSON encoding codec LegacyJacksonJson
2025-12-29T10:12:12.638+01:00  INFO 13484 --- [           main] c.n.d.provider.DiscoveryJerseyProvider   : Using JSON decoding codec LegacyJacksonJson
2025-12-29T10:12:13.477+01:00  INFO 13484 --- [           main] c.n.d.provider.DiscoveryJerseyProvider   : Using XML encoding codec XStreamXml
2025-12-29T10:12:13.477+01:00  INFO 13484 --- [           main] c.n.d.provider.DiscoveryJerseyProvider   : Using XML decoding codec XStreamXml
2025-12-29T10:12:17.193+01:00  INFO 13484 --- [           main] o.s.cloud.commons.util.InetUtils         : Cannot determine local hostname
2025-12-29T10:12:20.751+01:00  INFO 13484 --- [           main] o.s.cloud.commons.util.InetUtils         : Cannot determine local hostname
2025-12-29T10:12:20.977+01:00  WARN 13484 --- [           main] iguration$LoadBalancerCaffeineWarnLogger : Spring Cloud LoadBalancer is currently working with the default cache. While this cache implementation is useful for development and tests, it's recommended to use Caffeine cache in production.You can switch to using Caffeine cache, by adding it and org.springframework.cache.caffeine.CaffeineCacheManager to the classpath.
2025-12-29T10:12:21.080+01:00  INFO 13484 --- [           main] o.s.c.n.eureka.InstanceInfoFactory       : Setting initial instance status as: STARTING
2025-12-29T10:12:21.182+01:00  INFO 13484 --- [           main] com.netflix.discovery.DiscoveryClient    : Initializing Eureka in region us-east-1
2025-12-29T10:12:21.182+01:00  INFO 13484 --- [           main] com.netflix.discovery.DiscoveryClient    : Client configured to neither register nor query for data.
2025-12-29T10:12:21.190+01:00  INFO 13484 --- [           main] com.netflix.discovery.DiscoveryClient    : Discovery Client initialized at timestamp 1766999541187 with initial instances count: 0
2025-12-29T10:12:21.371+01:00  INFO 13484 --- [           main] c.n.eureka.DefaultEurekaServerContext    : Initializing ...
2025-12-29T10:12:21.378+01:00  WARN 13484 --- [           main] c.n.eureka.cluster.PeerEurekaNodes       : The replica size seems to be empty. Check the route 53 DNS Registry
2025-12-29T10:12:21.418+01:00  INFO 13484 --- [           main] c.n.e.registry.AbstractInstanceRegistry  : Finished initializing remote region registries. All known remote regions: []
2025-12-29T10:12:21.419+01:00  INFO 13484 --- [           main] c.n.eureka.DefaultEurekaServerContext    : Initialized
2025-12-29T10:12:21.468+01:00  INFO 13484 --- [           main] o.s.b.a.e.web.EndpointLinksResolver      : Exposing 1 endpoint beneath base path '/actuator'
2025-12-29T10:12:21.671+01:00  INFO 13484 --- [           main] o.s.c.n.e.s.EurekaServiceRegistry        : Registering application UNKNOWN with eureka with status UP
2025-12-29T10:12:21.837+01:00  INFO 13484 --- [       Thread-9] o.s.c.n.e.server.EurekaServerBootstrap   : isAws returned false
2025-12-29T10:12:21.839+01:00  INFO 13484 --- [       Thread-9] o.s.c.n.e.server.EurekaServerBootstrap   : Initialized server context
2025-12-29T10:12:21.840+01:00  INFO 13484 --- [       Thread-9] c.n.e.r.PeerAwareInstanceRegistryImpl    : Got 1 instances from neighboring DS node
2025-12-29T10:12:21.841+01:00  INFO 13484 --- [       Thread-9] c.n.e.r.PeerAwareInstanceRegistryImpl    : Renew threshold is: 1
2025-12-29T10:12:21.842+01:00  INFO 13484 --- [       Thread-9] c.n.e.r.PeerAwareInstanceRegistryImpl    : Changing status to UP
2025-12-29T10:12:21.849+01:00  INFO 13484 --- [       Thread-9] e.s.EurekaServerInitializerConfiguration : Started Eureka Server
2025-12-29T10:12:21.941+01:00  INFO 13484 --- [           main] o.s.b.w.embedded.tomcat.TomcatWebServer  : Tomcat started on port 8761 (http) with context path '/'
2025-12-29T10:12:21.945+01:00  INFO 13484 --- [           main] .s.c.n.e.s.EurekaAutoServiceRegistration : Updating port to 8761
2025-12-29T10:12:22.998+01:00  INFO 13484 --- [           main] o.s.cloud.commons.util.InetUtils         : Cannot determine local hostname
2025-12-29T10:12:23.061+01:00  INFO 13484 --- [           main] c.o.d.DiscoveryServiceApplication        : Started DiscoveryServiceApplication in 30.02 seconds (process running for 32.854)
2025-12-29T10:12:45.584+01:00  INFO 13484 --- [nio-8761-exec-1] o.a.c.c.C.[Tomcat].[localhost].[/]       : Initializing Spring DispatcherServlet 'dispatcherServlet'
2025-12-29T10:12:45.586+01:00  INFO 13484 --- [nio-8761-exec-1] o.s.web.servlet.DispatcherServlet        : Initializing Servlet 'dispatcherServlet'
2025-12-29T10:12:45.594+01:00  INFO 13484 --- [nio-8761-exec-1] o.s.web.servlet.DispatcherServlet        : Completed initialization in 6 ms
2025-12-29T10:13:18.707+01:00  INFO 13484 --- [nio-8761-exec-1] c.n.e.registry.AbstractInstanceRegistry  : Registered instance GATEWAY-SERVICE/localhost:gateway-service:8888 with status UP (replication=false)
2025-12-29T10:13:18.708+01:00  INFO 13484 --- [nio-8761-exec-8] c.n.e.registry.AbstractInstanceRegistry  : Registered instance INVENTORY-SERVICE/localhost:inventory-service:8080 with status UP (replication=false)
2025-12-29T10:13:21.881+01:00  INFO 13484 --- [a-EvictionTimer] c.n.e.registry.AbstractInstanceRegistry  : Running the evict task with compensationTime 0ms
2025-12-29T10:13:30.029+01:00  INFO 13484 --- [nio-8761-exec-8] c.n.e.registry.AbstractInstanceRegistry  : Registered instance ORDER-SERVICE/localhost:order-service:8081 with status UP (replication=false)
2025-12-29T10:14:21.893+01:00  INFO 13484 --- [a-EvictionTimer] c.n.e.registry.AbstractInstanceRegistry  : Running the evict task with compensationTime 11ms
2025-12-29T10:15:21.893+01:00  INFO 13484 --- [a-EvictionTimer] c.n.e.registry.AbstractInstanceRegistry  : Running the evict task with compensationTime 0ms
2025-12-29T10:16:21.893+01:00  INFO 13484 --- [a-EvictionTimer] c.n.e.registry.AbstractInstanceRegistry  : Running the evict task with compensationTime 0ms
2025-12-29T10:17:21.894+01:00  INFO 13484 --- [a-EvictionTimer] c.n.e.registry.AbstractInstanceRegistry  : Running the evict task with compensationTime 1ms
2025-12-29T10:18:21.903+01:00  INFO 13484 --- [a-EvictionTimer] c.n.e.registry.AbstractInstanceRegistry  : Running the evict task with compensationTime 8ms
2025-12-29T10:19:21.907+01:00  INFO 13484 --- [a-EvictionTimer] c.n.e.registry.AbstractInstanceRegistry  : Running the evict task with compensationTime 3ms
