
  .   ____          _            __ _ _
 /\\ / ___'_ __ _ _(_)_ __  __ _ \ \ \ \
( ( )\___ | '_ | '_| | '_ \/ _` | \ \ \ \
 \\/  ___)| |_)| | | | | || (_| |  ) ) ) )
  '  |____| .__|_| |_|_| |_\__, | / / / /
 =========|_|==============|___/=/_/_/_/

 :: Spring Boot ::                (v3.3.6)

2025-12-29T10:12:45.334+01:00  INFO 17064 --- [gateway-service] [           main] c.o.g.GatewayServiceApplication          : Starting GatewayServiceApplication v0.0.1-SNAPSHOT using Java 21.0.4 with PID 17064 (C:\Users\Mreckah\Downloads\event-sourcing\gateway-service\target\gateway-service-0.0.1-SNAPSHOT.jar started by Mreckah in C:\Users\Mreckah\Downloads\event-sourcing)
2025-12-29T10:12:45.353+01:00  INFO 17064 --- [gateway-service] [           main] c.o.g.GatewayServiceApplication          : No active profile set, falling back to 1 default profile: "default"
2025-12-29T10:12:52.577+01:00  INFO 17064 --- [gateway-service] [           main] o.s.cloud.context.scope.GenericScope     : BeanFactory id=f53720c4-aad3-39fd-b83d-d261eedbf66a
2025-12-29T10:12:52.988+01:00  WARN 17064 --- [gateway-service] [           main] trationDelegate$BeanPostProcessorChecker : Bean 'org.springframework.cloud.client.loadbalancer.LoadBalancerAutoConfiguration$DeferringLoadBalancerInterceptorConfig' of type [org.springframework.cloud.client.loadbalancer.LoadBalancerAutoConfiguration$DeferringLoadBalancerInterceptorConfig] is not eligible for getting processed by all BeanPostProcessors (for example: not eligible for auto-proxying). The currently created BeanPostProcessor [lbRestClientPostProcessor] is declared through a non-static factory method on that class; consider declaring it as static instead.
2025-12-29T10:12:53.003+01:00  WARN 17064 --- [gateway-service] [           main] trationDelegate$BeanPostProcessorChecker : Bean 'deferringLoadBalancerInterceptor' of type [org.springframework.cloud.client.loadbalancer.DeferringLoadBalancerInterceptor] is not eligible for getting processed by all BeanPostProcessors (for example: not eligible for auto-proxying). Is this bean getting eagerly injected/applied to a currently created BeanPostProcessor [lbRestClientPostProcessor]? Check the corresponding BeanPostProcessor declaration and its dependencies/advisors. If this bean does not have to be post-processed, declare it with ROLE_INFRASTRUCTURE.
2025-12-29T10:12:53.010+01:00  WARN 17064 --- [gateway-service] [           main] trationDelegate$BeanPostProcessorChecker : Bean 'org.springframework.cloud.client.loadbalancer.reactive.LoadBalancerBeanPostProcessorAutoConfiguration' of type [org.springframework.cloud.client.loadbalancer.reactive.LoadBalancerBeanPostProcessorAutoConfiguration] is not eligible for getting processed by all BeanPostProcessors (for example: not eligible for auto-proxying). The currently created BeanPostProcessor [loadBalancerWebClientBuilderBeanPostProcessor] is declared through a non-static factory method on that class; consider declaring it as static instead.
2025-12-29T10:12:53.017+01:00  WARN 17064 --- [gateway-service] [           main] trationDelegate$BeanPostProcessorChecker : Bean 'org.springframework.cloud.client.loadbalancer.reactive.LoadBalancerBeanPostProcessorAutoConfiguration$ReactorDeferringLoadBalancerFilterConfig' of type [org.springframework.cloud.client.loadbalancer.reactive.LoadBalancerBeanPostProcessorAutoConfiguration$ReactorDeferringLoadBalancerFilterConfig] is not eligible for getting processed by all BeanPostProcessors (for example: not eligible for auto-proxying). Is this bean getting eagerly injected/applied to a currently created BeanPostProcessor [loadBalancerWebClientBuilderBeanPostProcessor]? Check the corresponding BeanPostProcessor declaration and its dependencies/advisors. If this bean does not have to be post-processed, declare it with ROLE_INFRASTRUCTURE.
2025-12-29T10:12:53.023+01:00  WARN 17064 --- [gateway-service] [           main] trationDelegate$BeanPostProcessorChecker : Bean 'reactorDeferringLoadBalancerExchangeFilterFunction' of type [org.springframework.cloud.client.loadbalancer.reactive.DeferringLoadBalancerExchangeFilterFunction] is not eligible for getting processed by all BeanPostProcessors (for example: not eligible for auto-proxying). Is this bean getting eagerly injected/applied to a currently created BeanPostProcessor [loadBalancerWebClientBuilderBeanPostProcessor]? Check the corresponding BeanPostProcessor declaration and its dependencies/advisors. If this bean does not have to be post-processed, declare it with ROLE_INFRASTRUCTURE.
2025-12-29T10:12:59.398+01:00  INFO 17064 --- [gateway-service] [           main] o.s.cloud.commons.util.InetUtils         : Cannot determine local hostname
2025-12-29T10:13:00.722+01:00  INFO 17064 --- [gateway-service] [           main] o.s.cloud.commons.util.InetUtils         : Cannot determine local hostname
2025-12-29T10:13:04.405+01:00  INFO 17064 --- [gateway-service] [           main] o.s.c.g.r.RouteDefinitionRouteLocator    : Loaded RoutePredicateFactory [After]
2025-12-29T10:13:04.410+01:00  INFO 17064 --- [gateway-service] [           main] o.s.c.g.r.RouteDefinitionRouteLocator    : Loaded RoutePredicateFactory [Before]
2025-12-29T10:13:04.411+01:00  INFO 17064 --- [gateway-service] [           main] o.s.c.g.r.RouteDefinitionRouteLocator    : Loaded RoutePredicateFactory [Between]
2025-12-29T10:13:04.412+01:00  INFO 17064 --- [gateway-service] [           main] o.s.c.g.r.RouteDefinitionRouteLocator    : Loaded RoutePredicateFactory [Cookie]
2025-12-29T10:13:04.414+01:00  INFO 17064 --- [gateway-service] [           main] o.s.c.g.r.RouteDefinitionRouteLocator    : Loaded RoutePredicateFactory [Header]
2025-12-29T10:13:04.416+01:00  INFO 17064 --- [gateway-service] [           main] o.s.c.g.r.RouteDefinitionRouteLocator    : Loaded RoutePredicateFactory [Host]
2025-12-29T10:13:04.417+01:00  INFO 17064 --- [gateway-service] [           main] o.s.c.g.r.RouteDefinitionRouteLocator    : Loaded RoutePredicateFactory [Method]
2025-12-29T10:13:04.418+01:00  INFO 17064 --- [gateway-service] [           main] o.s.c.g.r.RouteDefinitionRouteLocator    : Loaded RoutePredicateFactory [Path]
2025-12-29T10:13:04.420+01:00  INFO 17064 --- [gateway-service] [           main] o.s.c.g.r.RouteDefinitionRouteLocator    : Loaded RoutePredicateFactory [Query]
2025-12-29T10:13:04.421+01:00  INFO 17064 --- [gateway-service] [           main] o.s.c.g.r.RouteDefinitionRouteLocator    : Loaded RoutePredicateFactory [ReadBody]
2025-12-29T10:13:04.430+01:00  INFO 17064 --- [gateway-service] [           main] o.s.c.g.r.RouteDefinitionRouteLocator    : Loaded RoutePredicateFactory [RemoteAddr]
2025-12-29T10:13:04.443+01:00  INFO 17064 --- [gateway-service] [           main] o.s.c.g.r.RouteDefinitionRouteLocator    : Loaded RoutePredicateFactory [XForwardedRemoteAddr]
2025-12-29T10:13:04.462+01:00  INFO 17064 --- [gateway-service] [           main] o.s.c.g.r.RouteDefinitionRouteLocator    : Loaded RoutePredicateFactory [Weight]
2025-12-29T10:13:04.480+01:00  INFO 17064 --- [gateway-service] [           main] o.s.c.g.r.RouteDefinitionRouteLocator    : Loaded RoutePredicateFactory [CloudFoundryRouteService]
2025-12-29T10:13:09.243+01:00  INFO 17064 --- [gateway-service] [           main] o.s.cloud.commons.util.InetUtils         : Cannot determine local hostname
2025-12-29T10:13:09.610+01:00  INFO 17064 --- [gateway-service] [           main] DiscoveryClientOptionalArgsConfiguration : Eureka HTTP Client uses RestTemplate.
2025-12-29T10:13:10.257+01:00  WARN 17064 --- [gateway-service] [           main] iguration$LoadBalancerCaffeineWarnLogger : Spring Cloud LoadBalancer is currently working with the default cache. While this cache implementation is useful for development and tests, it's recommended to use Caffeine cache in production.You can switch to using Caffeine cache, by adding it and org.springframework.cache.caffeine.CaffeineCacheManager to the classpath.
2025-12-29T10:13:11.151+01:00  INFO 17064 --- [gateway-service] [           main] o.s.c.n.eureka.InstanceInfoFactory       : Setting initial instance status as: STARTING
2025-12-29T10:13:12.031+01:00  INFO 17064 --- [gateway-service] [           main] com.netflix.discovery.DiscoveryClient    : Initializing Eureka in region us-east-1
2025-12-29T10:13:12.069+01:00  INFO 17064 --- [gateway-service] [           main] c.n.d.s.r.aws.ConfigClusterResolver      : Resolving eureka endpoints via configuration
2025-12-29T10:13:12.154+01:00  INFO 17064 --- [gateway-service] [           main] com.netflix.discovery.DiscoveryClient    : Disable delta property : false
2025-12-29T10:13:12.155+01:00  INFO 17064 --- [gateway-service] [           main] com.netflix.discovery.DiscoveryClient    : Single vip registry refresh property : null
2025-12-29T10:13:12.163+01:00  INFO 17064 --- [gateway-service] [           main] com.netflix.discovery.DiscoveryClient    : Force full registry fetch : false
2025-12-29T10:13:12.165+01:00  INFO 17064 --- [gateway-service] [           main] com.netflix.discovery.DiscoveryClient    : Application is null : false
2025-12-29T10:13:12.166+01:00  INFO 17064 --- [gateway-service] [           main] com.netflix.discovery.DiscoveryClient    : Registered Applications size is zero : true
2025-12-29T10:13:12.167+01:00  INFO 17064 --- [gateway-service] [           main] com.netflix.discovery.DiscoveryClient    : Application version is -1: true
2025-12-29T10:13:12.169+01:00  INFO 17064 --- [gateway-service] [           main] com.netflix.discovery.DiscoveryClient    : Getting all instance registry info from the eureka server
2025-12-29T10:13:17.054+01:00  INFO 17064 --- [gateway-service] [           main] com.netflix.discovery.DiscoveryClient    : The response status is 200
2025-12-29T10:13:17.115+01:00  INFO 17064 --- [gateway-service] [           main] com.netflix.discovery.DiscoveryClient    : Starting heartbeat executor: renew interval is: 30
2025-12-29T10:13:17.126+01:00  INFO 17064 --- [gateway-service] [           main] c.n.discovery.InstanceInfoReplicator     : InstanceInfoReplicator onDemand update allowed rate per min is 4
2025-12-29T10:13:17.137+01:00  INFO 17064 --- [gateway-service] [           main] com.netflix.discovery.DiscoveryClient    : Discovery Client initialized at timestamp 1766999597131 with initial instances count: 0
2025-12-29T10:13:17.157+01:00  INFO 17064 --- [gateway-service] [           main] o.s.c.n.e.s.EurekaServiceRegistry        : Registering application GATEWAY-SERVICE with eureka with status UP
2025-12-29T10:13:17.160+01:00  INFO 17064 --- [gateway-service] [           main] com.netflix.discovery.DiscoveryClient    : Saw local status change event StatusChangeEvent [timestamp=1766999597160, current=UP, previous=STARTING]
2025-12-29T10:13:17.396+01:00  INFO 17064 --- [gateway-service] [foReplicator-%d] com.netflix.discovery.DiscoveryClient    : DiscoveryClient_GATEWAY-SERVICE/localhost:gateway-service:8888: registering service...
2025-12-29T10:13:18.734+01:00  INFO 17064 --- [gateway-service] [foReplicator-%d] com.netflix.discovery.DiscoveryClient    : DiscoveryClient_GATEWAY-SERVICE/localhost:gateway-service:8888 - registration status: 204
2025-12-29T10:13:18.882+01:00  INFO 17064 --- [gateway-service] [           main] o.s.b.web.embedded.netty.NettyWebServer  : Netty started on port 8888 (http)
2025-12-29T10:13:18.891+01:00  INFO 17064 --- [gateway-service] [           main] .s.c.n.e.s.EurekaAutoServiceRegistration : Updating port to 8888
2025-12-29T10:13:19.985+01:00  INFO 17064 --- [gateway-service] [           main] o.s.cloud.commons.util.InetUtils         : Cannot determine local hostname
2025-12-29T10:13:21.031+01:00  INFO 17064 --- [gateway-service] [           main] o.s.cloud.commons.util.InetUtils         : Cannot determine local hostname
2025-12-29T10:13:21.834+01:00  INFO 17064 --- [gateway-service] [           main] c.o.g.GatewayServiceApplication          : Started GatewayServiceApplication in 40.501 seconds (process running for 44.802)
2025-12-29T10:13:40.835+01:00  WARN 17064 --- [gateway-service] [ctor-http-nio-7] o.s.c.l.core.RoundRobinLoadBalancer      : No servers available for service: inventory-service
2025-12-29T10:13:47.413+01:00  INFO 17064 --- [gateway-service] [reshExecutor-%d] com.netflix.discovery.DiscoveryClient    : Disable delta property : false
2025-12-29T10:13:47.414+01:00  INFO 17064 --- [gateway-service] [reshExecutor-%d] com.netflix.discovery.DiscoveryClient    : Single vip registry refresh property : null
2025-12-29T10:13:47.416+01:00  INFO 17064 --- [gateway-service] [reshExecutor-%d] com.netflix.discovery.DiscoveryClient    : Force full registry fetch : false
2025-12-29T10:13:47.416+01:00  INFO 17064 --- [gateway-service] [reshExecutor-%d] com.netflix.discovery.DiscoveryClient    : Application is null : false
2025-12-29T10:13:47.417+01:00  INFO 17064 --- [gateway-service] [reshExecutor-%d] com.netflix.discovery.DiscoveryClient    : Registered Applications size is zero : true
2025-12-29T10:13:47.417+01:00  INFO 17064 --- [gateway-service] [reshExecutor-%d] com.netflix.discovery.DiscoveryClient    : Application version is -1: false
2025-12-29T10:13:47.418+01:00  INFO 17064 --- [gateway-service] [reshExecutor-%d] com.netflix.discovery.DiscoveryClient    : Getting all instance registry info from the eureka server
2025-12-29T10:13:47.568+01:00  INFO 17064 --- [gateway-service] [reshExecutor-%d] com.netflix.discovery.DiscoveryClient    : The response status is 200
2025-12-29T10:18:12.179+01:00  INFO 17064 --- [gateway-service] [rap-executor-%d] c.n.d.s.r.aws.ConfigClusterResolver      : Resolving eureka endpoints via configuration
